(program (sourceElements (sourceElement (statement (variableStatement (variableDeclarationList (variableDeclaration (identifierOrKeyWord numbers) = (singleExpression (arrayLiteral [ (elementList (arrayElement (singleExpression (literal (numericLiteral 1)))) , (arrayElement ... (singleExpression (identifierName foo))) , (arrayElement (singleExpression (literal (numericLiteral 2))))) ])))) ;)))) <EOF>)
