(program (sourceElements (sourceElement (statement (functionDeclaration async function asyncCall (callSignature ( )) { (functionBody (sourceElements (sourceElement (statement (expressionStatement (expressionSequence (singleExpression (singleExpression (singleExpression (identifierName console)) . (identifierName log)) (arguments ( (argumentList (argument (singleExpression (literal 'calling')))) )))) ;))) (sourceElement (statement (variableStatement (varModifier const) (variableDeclarationList (variableDeclaration (identifierOrKeyWord result) = (singleExpression (identifierName await) (singleExpression (singleExpression (identifierName resolveAfter2Seconds)) (arguments ( )))))) ;))) (sourceElement (statement (expressionStatement (expressionSequence (singleExpression (singleExpression (singleExpression (identifierName console)) . (identifierName log)) (arguments ( (argumentList (argument (singleExpression (identifierName result)))) )))) ;))))) })))) <EOF>)
