(program (sourceElements (sourceElement (statement (classDeclaration class Rabbit (classHeritage (classExtendsClause extends (typeReference (typeName Animal)))) (classTail { (classElement (constructorDeclaration constructor ( (formalParameterList (lastFormalParameterArg ... args)) ) { (functionBody (sourceElements (sourceElement (statement (expressionStatement (expressionSequence (singleExpression (singleExpression (identifierName (reservedWord (keyword super)))) (arguments ( (argumentList (argument ... (singleExpression (identifierName args)))) )))) ;))))) })) }))))) <EOF>)
