(program (sourceElements (sourceElement (statement (variableStatement (variableDeclarationList (variableDeclaration (identifierOrKeyWord myFunc) (singleExpression ( (expressionSequence (singleExpression (objectLiteral { (propertyAssignment (propertyName (identifierName arg1)) : (singleExpression (literal "foo"))) , (propertyAssignment (propertyName (identifierName arg2)) : (singleExpression (literal "baz"))) }))) )))))))) <EOF>)
