(program (sourceElements (sourceElement (statement (variableStatement (variableDeclarationList (variableDeclaration (identifierOrKeyWord myFunc) (singleExpression ( (expressionSequence (singleExpression (objectLiteral { (propertyAssignment (propertyName (identifierName foo)) : (singleExpression (literal (numericLiteral 42)))) , (propertyAssignment (propertyName (identifierName baz)) : (singleExpression (objectLiteral { (propertyAssignment (propertyName (identifierName nested)) : (singleExpression (literal "baz"))) }))) }))) )))))))) <EOF>)
