(program (sourceElements (sourceElement (statement (variableStatement (varModifier var) (variableDeclarationList (variableDeclaration (identifierOrKeyWord bla) = (singleExpression (literal (numericLiteral 1))))) ;))) (sourceElement (statement (variableStatement (varModifier var) (variableDeclarationList (variableDeclaration (identifierOrKeyWord foo) = (singleExpression (identifierName baz) (singleExpression ( (expressionSequence (singleExpression (identifierName baz))) ))))) ;)))) <EOF>)
