(program (sourceElements (sourceElement (statement (importStatement import (fromBlock (identifierName defaultExport) from "module-name" (eos ;))))) (sourceElement (statement (importStatement import (fromBlock * as (identifierName name) from "module-name" (eos ;))))) (sourceElement (statement (expressionStatement (expressionSequence (singleExpression (identifierName (reservedWord (keyword import)))))))) (sourceElement (statement (block { (statementList (statement (variableStatement (variableDeclarationList (variableDeclaration (identifierOrKeyWord export1))))) (statement (variableStatement (variableDeclarationList (variableDeclaration (identifierOrKeyWord as) (singleExpression (identifierName alias1))) , (variableDeclaration (identifierOrKeyWord export2)))))) }))) (sourceElement (statement (expressionStatement (expressionSequence (singleExpression (identifierName (reservedWord (keyword from))) (singleExpression (literal "module-name")))) ;)))) <EOF>)
