(program (sourceElements (sourceElement (statement (returnStatement return (expressionSequence (singleExpression ( (expressionSequence (singleExpression (htmlElements (htmlElement < (htmlTagName Hello) (htmlAttribute (htmlAttributeName (identifierOrKeyWordForHtmlAttribute key)) = (htmlAttributeValue (objectExpressionSequence { (expressionSequence (singleExpression (identifierName id))) }))) (htmlAttribute (objectExpressionSequence { (expressionSequence ... (singleExpression (objectLiteral { (propertyAssignment (identifierOrKeyWord id)) , (propertyAssignment (identifierOrKeyWord caption)) }))) })) htmlContent / >)))) ))) (eos ;))))) <EOF>)
