(program (sourceElements (sourceElement (statement (returnStatement return (expressionSequence (singleExpression ( (expressionSequence (singleExpression (htmlElements (htmlElement < (htmlTagName Hello) (htmlAttribute (objectExpressionSequence { (expressionSequence ... (singleExpression (objectLiteral { (propertyAssignment (propertyName (identifierName key)) : (singleExpression (identifierName id))) , (propertyAssignment (identifierOrKeyWord id)) , (propertyAssignment (identifierOrKeyWord caption)) }))) })) htmlContent / >)))) ))) (eos ;))))) <EOF>)
