(program (sourceElements (sourceElement (statement (expressionStatement (expressionSequence (singleExpression (arrayLiteral [ (elementList (arrayElement (singleExpression (htmlElements (htmlElement < (htmlTagName Hello) / >)))) , (arrayElement (singleExpression (htmlElements (htmlElement < (htmlTagName Hello) / >)))) , (arrayElement (singleExpression (htmlElements (htmlElement < (htmlTagName Hello) / >))))) ]))) (eos ;))))) <EOF>)
