(program (sourceElements (sourceElement (statement (expressionStatement (expressionSequence (singleExpression (singleExpression (singleExpression (identifier things)) . (identifierName (identifier map))) (arguments ( (argument (singleExpression (anoymousFunction (arrowFunctionParameters ( (formalParameterList (formalParameterArg (assignable (identifier thing))) , (formalParameterArg (assignable (identifier index)))) )) => (arrowFunctionBody (singleExpression ( (expressionSequence (singleExpression (htmlElements (htmlElement < (htmlTagName Hello) (htmlAttribute (htmlAttributeName (identifierOrKeyWord key)) = (htmlAttributeValue (objectExpressionSequence { (expressionSequence (singleExpression (identifier index))) }))) / >)))) )))))) )))) (eos ;))))) <EOF>)
